hi from shell script
hello from shell script
